// Vitest Snapshot v1, https://vitest.dev/guide/snapshot.html

exports[`SongTitle renders correctly 1`] = `[Function]`;
