// Vitest Snapshot v1, https://vitest.dev/guide/snapshot.html

exports[`VolumeControl renders correctly 1`] = `[Function]`;
